[30-Dec-2024 12:22:49 UTC] PHP Deprecated:  Constant FILTER_SANITIZE_STRING is deprecated in /home/woyqmtgx/test2.4nails.us/public_html/wp-content/plugins/service-system-woocommerce-information/service-system-woocommerce-information.php on line 23
[30-Dec-2024 12:22:49 UTC] PHP Deprecated:  Constant FILTER_SANITIZE_STRING is deprecated in /home/woyqmtgx/test2.4nails.us/public_html/wp-content/plugins/service-system-woocommerce-information/service-system-woocommerce-information.php on line 37
[30-Dec-2024 12:22:49 UTC] PHP Deprecated:  Constant FILTER_SANITIZE_STRING is deprecated in /home/woyqmtgx/test2.4nails.us/public_html/wp-content/plugins/service-system-woocommerce-information/service-system-woocommerce-information.php on line 51
[30-Dec-2024 12:22:49 UTC] PHP Deprecated:  Constant FILTER_SANITIZE_STRING is deprecated in /home/woyqmtgx/test2.4nails.us/public_html/wp-content/plugins/service-system-woocommerce-information/service-system-woocommerce-information.php on line 64
[30-Dec-2024 12:22:49 UTC] PHP Deprecated:  Using ${var} in strings is deprecated, use {$var} instead in /home/woyqmtgx/test2.4nails.us/public_html/wp-content/plugins/wp-retina-2x-pro/classes/core.php on line 987
[30-Dec-2024 12:22:50 UTC] PHP Deprecated:  Creation of dynamic property WC_Zelle_Update_Order::$ReceiverZELLENo is deprecated in /home/woyqmtgx/test2.4nails.us/public_html/wp-content/plugins/wc-zelle/includes/class-wc_zelle_gateway.php on line 24
[30-Dec-2024 12:22:50 UTC] PHP Deprecated:  Creation of dynamic property WC_Zelle_Update_Order::$ReceiverZelleOwner is deprecated in /home/woyqmtgx/test2.4nails.us/public_html/wp-content/plugins/wc-zelle/includes/class-wc_zelle_gateway.php on line 25
[30-Dec-2024 12:22:50 UTC] PHP Deprecated:  Creation of dynamic property WC_Zelle_Update_Order::$ReceiverZELLEEmail is deprecated in /home/woyqmtgx/test2.4nails.us/public_html/wp-content/plugins/wc-zelle/includes/class-wc_zelle_gateway.php on line 26
[30-Dec-2024 12:22:50 UTC] PHP Deprecated:  Creation of dynamic property WC_Zelle_Update_Order::$ZelleForwardingURL is deprecated in /home/woyqmtgx/test2.4nails.us/public_html/wp-content/plugins/wc-zelle/includes/class-wc_zelle_gateway.php on line 27
[30-Dec-2024 12:22:50 UTC] PHP Deprecated:  Creation of dynamic property WC_Zelle_Update_Order::$ZelleStockManagement is deprecated in /home/woyqmtgx/test2.4nails.us/public_html/wp-content/plugins/wc-zelle/includes/class-wc_zelle_gateway.php on line 29
[30-Dec-2024 12:22:50 UTC] PHP Deprecated:  Creation of dynamic property WC_Zelle_Update_Order::$checkout_description is deprecated in /home/woyqmtgx/test2.4nails.us/public_html/wp-content/plugins/wc-zelle/includes/class-wc_zelle_gateway.php on line 30
[30-Dec-2024 12:22:50 UTC] PHP Deprecated:  Creation of dynamic property WC_Zelle_Update_Order::$zelle_notice is deprecated in /home/woyqmtgx/test2.4nails.us/public_html/wp-content/plugins/wc-zelle/includes/class-wc_zelle_gateway.php on line 31
[30-Dec-2024 12:22:50 UTC] PHP Deprecated:  Creation of dynamic property WC_Zelle_Update_Order::$store_instructions is deprecated in /home/woyqmtgx/test2.4nails.us/public_html/wp-content/plugins/wc-zelle/includes/class-wc_zelle_gateway.php on line 32
[30-Dec-2024 12:22:50 UTC] PHP Deprecated:  Creation of dynamic property WC_Zelle_Update_Order::$display_zelle is deprecated in /home/woyqmtgx/test2.4nails.us/public_html/wp-content/plugins/wc-zelle/includes/class-wc_zelle_gateway.php on line 33
[30-Dec-2024 12:22:50 UTC] PHP Deprecated:  Creation of dynamic property WC_Zelle_Update_Order::$enableQRCode is deprecated in /home/woyqmtgx/test2.4nails.us/public_html/wp-content/plugins/wc-zelle/includes/class-wc_zelle_gateway.php on line 34
[30-Dec-2024 12:22:50 UTC] PHP Deprecated:  Creation of dynamic property WC_Zelle_Update_Order::$ZelleQRCode is deprecated in /home/woyqmtgx/test2.4nails.us/public_html/wp-content/plugins/wc-zelle/includes/class-wc_zelle_gateway.php on line 35
[30-Dec-2024 12:22:50 UTC] PHP Deprecated:  Creation of dynamic property WC_Zelle_Update_Order::$enableNote is deprecated in /home/woyqmtgx/test2.4nails.us/public_html/wp-content/plugins/wc-zelle/includes/class-wc_zelle_gateway.php on line 36
[30-Dec-2024 12:22:50 UTC] PHP Deprecated:  Creation of dynamic property WC_Zelle_Update_Order::$order_note is deprecated in /home/woyqmtgx/test2.4nails.us/public_html/wp-content/plugins/wc-zelle/includes/class-wc_zelle_gateway.php on line 37
[30-Dec-2024 12:22:50 UTC] PHP Deprecated:  Creation of dynamic property WC_Zelle_Update_Order::$disableMenu is deprecated in /home/woyqmtgx/test2.4nails.us/public_html/wp-content/plugins/wc-zelle/includes/class-wc_zelle_gateway.php on line 38
[30-Dec-2024 12:22:50 UTC] PHP Deprecated:  Creation of dynamic property WC_Zelle_Update_Order::$processOrder is deprecated in /home/woyqmtgx/test2.4nails.us/public_html/wp-content/plugins/wc-zelle/includes/class-wc_zelle_gateway.php on line 39
[30-Dec-2024 12:22:50 UTC] PHP Deprecated:  Creation of dynamic property WC_Zelle_Update_Order::$enable_debug is deprecated in /home/woyqmtgx/test2.4nails.us/public_html/wp-content/plugins/wc-zelle/includes/class-wc_zelle_gateway.php on line 40
[30-Dec-2024 12:22:50 UTC] PHP Deprecated:  Creation of dynamic property WC_Zelle_Update_Order::$toggleSupport is deprecated in /home/woyqmtgx/test2.4nails.us/public_html/wp-content/plugins/wc-zelle/includes/class-wc_zelle_gateway.php on line 41
[30-Dec-2024 12:22:50 UTC] PHP Deprecated:  Creation of dynamic property WC_Zelle_Update_Order::$toggleTutorial is deprecated in /home/woyqmtgx/test2.4nails.us/public_html/wp-content/plugins/wc-zelle/includes/class-wc_zelle_gateway.php on line 42
[30-Dec-2024 12:22:50 UTC] PHP Deprecated:  Creation of dynamic property WC_Zelle_Update_Order::$toggleCredits is deprecated in /home/woyqmtgx/test2.4nails.us/public_html/wp-content/plugins/wc-zelle/includes/class-wc_zelle_gateway.php on line 43
[30-Dec-2024 12:22:50 UTC] PHP Parse error:  syntax error, unexpected token "function" in /home/woyqmtgx/test2.4nails.us/public_html/wp-content/themes/test4nails/app/helpers.php on line 122
[30-Dec-2024 12:22:52 UTC] PHP Deprecated:  Constant FILTER_SANITIZE_STRING is deprecated in /home/woyqmtgx/test2.4nails.us/public_html/wp-content/plugins/service-system-woocommerce-information/service-system-woocommerce-information.php on line 23
[30-Dec-2024 12:22:52 UTC] PHP Deprecated:  Constant FILTER_SANITIZE_STRING is deprecated in /home/woyqmtgx/test2.4nails.us/public_html/wp-content/plugins/service-system-woocommerce-information/service-system-woocommerce-information.php on line 37
[30-Dec-2024 12:22:52 UTC] PHP Deprecated:  Constant FILTER_SANITIZE_STRING is deprecated in /home/woyqmtgx/test2.4nails.us/public_html/wp-content/plugins/service-system-woocommerce-information/service-system-woocommerce-information.php on line 51
[30-Dec-2024 12:22:52 UTC] PHP Deprecated:  Constant FILTER_SANITIZE_STRING is deprecated in /home/woyqmtgx/test2.4nails.us/public_html/wp-content/plugins/service-system-woocommerce-information/service-system-woocommerce-information.php on line 64
[30-Dec-2024 12:22:52 UTC] PHP Deprecated:  Using ${var} in strings is deprecated, use {$var} instead in /home/woyqmtgx/test2.4nails.us/public_html/wp-content/plugins/wp-retina-2x-pro/classes/core.php on line 987
[30-Dec-2024 12:22:52 UTC] PHP Deprecated:  Creation of dynamic property WC_Zelle_Update_Order::$ReceiverZELLENo is deprecated in /home/woyqmtgx/test2.4nails.us/public_html/wp-content/plugins/wc-zelle/includes/class-wc_zelle_gateway.php on line 24
[30-Dec-2024 12:22:52 UTC] PHP Deprecated:  Creation of dynamic property WC_Zelle_Update_Order::$ReceiverZelleOwner is deprecated in /home/woyqmtgx/test2.4nails.us/public_html/wp-content/plugins/wc-zelle/includes/class-wc_zelle_gateway.php on line 25
[30-Dec-2024 12:22:52 UTC] PHP Deprecated:  Creation of dynamic property WC_Zelle_Update_Order::$ReceiverZELLEEmail is deprecated in /home/woyqmtgx/test2.4nails.us/public_html/wp-content/plugins/wc-zelle/includes/class-wc_zelle_gateway.php on line 26
[30-Dec-2024 12:22:52 UTC] PHP Deprecated:  Creation of dynamic property WC_Zelle_Update_Order::$ZelleForwardingURL is deprecated in /home/woyqmtgx/test2.4nails.us/public_html/wp-content/plugins/wc-zelle/includes/class-wc_zelle_gateway.php on line 27
[30-Dec-2024 12:22:52 UTC] PHP Deprecated:  Creation of dynamic property WC_Zelle_Update_Order::$ZelleStockManagement is deprecated in /home/woyqmtgx/test2.4nails.us/public_html/wp-content/plugins/wc-zelle/includes/class-wc_zelle_gateway.php on line 29
[30-Dec-2024 12:22:52 UTC] PHP Deprecated:  Creation of dynamic property WC_Zelle_Update_Order::$checkout_description is deprecated in /home/woyqmtgx/test2.4nails.us/public_html/wp-content/plugins/wc-zelle/includes/class-wc_zelle_gateway.php on line 30
[30-Dec-2024 12:22:52 UTC] PHP Deprecated:  Creation of dynamic property WC_Zelle_Update_Order::$zelle_notice is deprecated in /home/woyqmtgx/test2.4nails.us/public_html/wp-content/plugins/wc-zelle/includes/class-wc_zelle_gateway.php on line 31
[30-Dec-2024 12:22:52 UTC] PHP Deprecated:  Creation of dynamic property WC_Zelle_Update_Order::$store_instructions is deprecated in /home/woyqmtgx/test2.4nails.us/public_html/wp-content/plugins/wc-zelle/includes/class-wc_zelle_gateway.php on line 32
[30-Dec-2024 12:22:52 UTC] PHP Deprecated:  Creation of dynamic property WC_Zelle_Update_Order::$display_zelle is deprecated in /home/woyqmtgx/test2.4nails.us/public_html/wp-content/plugins/wc-zelle/includes/class-wc_zelle_gateway.php on line 33
[30-Dec-2024 12:22:52 UTC] PHP Deprecated:  Creation of dynamic property WC_Zelle_Update_Order::$enableQRCode is deprecated in /home/woyqmtgx/test2.4nails.us/public_html/wp-content/plugins/wc-zelle/includes/class-wc_zelle_gateway.php on line 34
[30-Dec-2024 12:22:52 UTC] PHP Deprecated:  Creation of dynamic property WC_Zelle_Update_Order::$ZelleQRCode is deprecated in /home/woyqmtgx/test2.4nails.us/public_html/wp-content/plugins/wc-zelle/includes/class-wc_zelle_gateway.php on line 35
[30-Dec-2024 12:22:52 UTC] PHP Deprecated:  Creation of dynamic property WC_Zelle_Update_Order::$enableNote is deprecated in /home/woyqmtgx/test2.4nails.us/public_html/wp-content/plugins/wc-zelle/includes/class-wc_zelle_gateway.php on line 36
[30-Dec-2024 12:22:52 UTC] PHP Deprecated:  Creation of dynamic property WC_Zelle_Update_Order::$order_note is deprecated in /home/woyqmtgx/test2.4nails.us/public_html/wp-content/plugins/wc-zelle/includes/class-wc_zelle_gateway.php on line 37
[30-Dec-2024 12:22:52 UTC] PHP Deprecated:  Creation of dynamic property WC_Zelle_Update_Order::$disableMenu is deprecated in /home/woyqmtgx/test2.4nails.us/public_html/wp-content/plugins/wc-zelle/includes/class-wc_zelle_gateway.php on line 38
[30-Dec-2024 12:22:52 UTC] PHP Deprecated:  Creation of dynamic property WC_Zelle_Update_Order::$processOrder is deprecated in /home/woyqmtgx/test2.4nails.us/public_html/wp-content/plugins/wc-zelle/includes/class-wc_zelle_gateway.php on line 39
[30-Dec-2024 12:22:52 UTC] PHP Deprecated:  Creation of dynamic property WC_Zelle_Update_Order::$enable_debug is deprecated in /home/woyqmtgx/test2.4nails.us/public_html/wp-content/plugins/wc-zelle/includes/class-wc_zelle_gateway.php on line 40
[30-Dec-2024 12:22:52 UTC] PHP Deprecated:  Creation of dynamic property WC_Zelle_Update_Order::$toggleSupport is deprecated in /home/woyqmtgx/test2.4nails.us/public_html/wp-content/plugins/wc-zelle/includes/class-wc_zelle_gateway.php on line 41
[30-Dec-2024 12:22:52 UTC] PHP Deprecated:  Creation of dynamic property WC_Zelle_Update_Order::$toggleTutorial is deprecated in /home/woyqmtgx/test2.4nails.us/public_html/wp-content/plugins/wc-zelle/includes/class-wc_zelle_gateway.php on line 42
[30-Dec-2024 12:22:52 UTC] PHP Deprecated:  Creation of dynamic property WC_Zelle_Update_Order::$toggleCredits is deprecated in /home/woyqmtgx/test2.4nails.us/public_html/wp-content/plugins/wc-zelle/includes/class-wc_zelle_gateway.php on line 43
[30-Dec-2024 12:22:52 UTC] PHP Parse error:  syntax error, unexpected token "function" in /home/woyqmtgx/test2.4nails.us/public_html/wp-content/themes/test4nails/app/helpers.php on line 122
